13:04:16 **** Incremental Build of configuration Debug for project CAN ****
make -j8 all 
arm-none-eabi-gcc "../Core/Src/main.c" -mcpu=cortex-m3 -std=gnu11 -g3 -DDEBUG -DUSE_HAL_DRIVER -DSTM32F103xB -c -I../Core/Inc -I../Drivers/STM32F1xx_HAL_Driver/Inc/Legacy -I../Drivers/STM32F1xx_HAL_Driver/Inc -I../Drivers/CMSIS/Device/ST/STM32F1xx/Include -I../Drivers/CMSIS/Include -O0 -ffunction-sections -fdata-sections -Wall -fstack-usage -fcyclomatic-complexity -MMD -MP -MF"Core/Src/main.d" -MT"Core/Src/main.o" --specs=nano.specs -mfloat-abi=soft -mthumb -o "Core/Src/main.o"
../Core/Src/main.c: In function 'CAN_TX':
../Core/Src/main.c:215:49: warning: passing argument 2 of 'HAL_CAN_IsTxMessagePending' makes integer from pointer without a cast [-Wint-conversion]
  215 |         while(HAL_CAN_IsTxMessagePending(&hcan, &pTxMailbox));
      |                                                 ^~~~~~~~~~~
      |                                                 |
      |                                                 uint32_t * {aka long unsigned int *}
In file included from ../Core/Inc/stm32f1xx_hal_conf.h:258,
                 from ../Drivers/STM32F1xx_HAL_Driver/Inc/stm32f1xx_hal.h:29,
                 from ../Core/Inc/main.h:30,
                 from ../Core/Src/main.c:20:
../Drivers/STM32F1xx_HAL_Driver/Inc/stm32f1xx_hal_can.h:688:77: note: expected 'uint32_t' {aka 'long unsigned int'} but argument is of type 'uint32_t *' {aka 'long unsigned int *'}
  688 | uint32_t HAL_CAN_IsTxMessagePending(const CAN_HandleTypeDef *hcan, uint32_t TxMailboxes);
      |                                                                    ~~~~~~~~~^~~~~~~~~~~
arm-none-eabi-gcc -o "CAN.elf" @"objects.list"   -mcpu=cortex-m3 -T"C:\Users\win 10\OneDrive\Desktop\Car\CAN\STM32F103C8TX_FLASH.ld" --specs=nosys.specs -Wl,-Map="CAN.map" -Wl,--gc-sections -static --specs=nano.specs -mfloat-abi=soft -mthumb -Wl,--start-group -lc -lm -Wl,--end-group
Finished building target: CAN.elf
 
arm-none-eabi-size   CAN.elf 
arm-none-eabi-objdump -h -S  CAN.elf  > "CAN.list"
   text	   data	    bss	    dec	    hex	filename
   5992	     20	   1612	   7624	   1dc8	CAN.elf
Finished building: default.size.stdout
 
Finished building: CAN.list
 

13:04:18 Build Finished. 0 errors, 1 warnings. (took 1s.297ms)

