10:36:55 **** Incremental Build of configuration Debug for project VelocityEncoder ****
make -j8 all 
arm-none-eabi-gcc "../Core/Src/main.c" -mcpu=cortex-m3 -std=gnu11 -g3 -DDEBUG -DUSE_HAL_DRIVER -DSTM32F103xB -c -I../Core/Inc -I../Drivers/STM32F1xx_HAL_Driver/Inc/Legacy -I../Drivers/STM32F1xx_HAL_Driver/Inc -I../Drivers/CMSIS/Device/ST/STM32F1xx/Include -I../Drivers/CMSIS/Include -Og -ffunction-sections -fdata-sections -Wall -fstack-usage -fcyclomatic-complexity -MMD -MP -MF"Core/Src/main.d" -MT"Core/Src/main.o" --specs=nano.specs -mfloat-abi=soft -mthumb -o "Core/Src/main.o"
arm-none-eabi-gcc -o "VelocityEncoder.elf" @"objects.list"   -mcpu=cortex-m3 -T"D:\GPS-Car\Workspcae\VelocityEncoder\STM32F103C8TX_FLASH.ld" --specs=nosys.specs -Wl,-Map="VelocityEncoder.map" -Wl,--gc-sections -static --specs=nano.specs -mfloat-abi=soft -mthumb -Wl,--start-group -lc -lm -Wl,--end-group
Finished building target: VelocityEncoder.elf
 
arm-none-eabi-size  VelocityEncoder.elf 
arm-none-eabi-objdump -h -S VelocityEncoder.elf  > "VelocityEncoder.list"
   text	   data	    bss	    dec	    hex	filename
   4076	     20	   1644	   5740	   166c	VelocityEncoder.elf
Finished building: default.size.stdout
 
Finished building: VelocityEncoder.list
 

10:36:56 Build Finished. 0 errors, 0 warnings. (took 964ms)

